{
    "edges": [
        {
            "from": "foo",
            "guard": "x-y==5&z<7",
            "reset": null,
            "sync": null,
            "to": "bar"
        },
        {
            "from": "bar",
            "guard": "x>=5",
            "reset": null,
            "sync": null,
            "to": "baz"
        }
    ],
    "locations": [
        {
            "id": "foo",
            "initial": true,
            "invariant": null
        },
        {
            "id": "bar",
            "initial": false,
            "invariant": "x<10"
        }
    ]
}
