{
    "edges": [
        {
            "from": "foo",
            "guard": "x<5",
            "reset": [
                "x"
            ],
            "sync": "a",
            "to": "bar"
        }
    ],
    "locations": [
        {
            "id": "bar",
            "initial": false,
            "invariant": null
        },
        {
            "id": "foo",
            "initial": true,
            "invariant": null
        }
    ]
}
