{
    "edges": [
        {
            "from": "foo",
            "guard": "x==10",
            "reset": [
                "z",
                "y"
            ],
            "sync": "b",
            "to": "bar"
        }
    ],
    "locations": [
        {
            "id": "foo",
            "initial": true,
            "invariant": "y<=10"
        }
    ]
}
