Parse error at FILE "test/29.in" 3:12: Unexpected '}'. Expected valid identifier
