Parse error at FILE "test/32.in" 1:1: Unexpected end of input. Expected  or  or 'default'
