{
    "actions": [],
    "clocks": [
        "x"
    ],
    "edges": [
        {
            "from": "bar",
            "guard": null,
            "reset": null,
            "sync": null,
            "to": "baz"
        },
        {
            "from": "foo",
            "guard": "x>=5",
            "reset": null,
            "sync": null,
            "to": "bar"
        }
    ],
    "locations": [
        {
            "id": "bar",
            "initial": false,
            "invariant": "x<10"
        },
        {
            "id": "baz",
            "initial": false,
            "invariant": null
        },
        {
            "id": "foo",
            "initial": true,
            "invariant": null
        }
    ]
}
