{
    "actions": [],
    "clocks": [
        "x",
        "y",
        "z"
    ],
    "edges": [
        {
            "action": null,
            "from": "bar",
            "guard": "x>=5&z-y<7",
            "reset": null,
            "to": "baz"
        },
        {
            "action": null,
            "from": "foo",
            "guard": "x-y==5&z<7",
            "reset": null,
            "to": "bar"
        }
    ],
    "locations": [
        {
            "id": "bar",
            "initial": false,
            "invariant": "x<10"
        },
        {
            "id": "baz",
            "initial": false,
            "invariant": null
        },
        {
            "id": "foo",
            "initial": true,
            "invariant": null
        }
    ]
}
