{
    "actions": [],
    "clocks": [],
    "edges": [],
    "locations": [
        {
            "id": "foo",
            "initial": true,
            "invariant": null
        }
    ]
}
