{
    "actions": [
        "a"
    ],
    "clocks": [
        "x"
    ],
    "edges": [
        {
            "from": "foo",
            "guard": "x==10",
            "reset": [
                "x"
            ],
            "sync": "a",
            "to": "bar"
        }
    ],
    "locations": [
        {
            "id": "bar",
            "initial": false,
            "invariant": "x<5"
        },
        {
            "id": "foo",
            "initial": true,
            "invariant": null
        }
    ]
}
