Semantic error: [default edge]: 2 guards
Semantic error: [default edge]: 3 syncs
Semantic error: [default edge]: 4 resets
