{
    "clocks": [],
    "edges": [
        {
            "from": "foo",
            "guard": null,
            "reset": null,
            "sync": null,
            "to": "bar"
        },
        {
            "from": "foo",
            "guard": null,
            "reset": null,
            "sync": null,
            "to": "baz"
        }
    ],
    "locations": [
        {
            "id": "abc",
            "initial": false,
            "invariant": null
        },
        {
            "id": "bar",
            "initial": false,
            "invariant": null
        },
        {
            "id": "baz",
            "initial": false,
            "invariant": null
        },
        {
            "id": "foo",
            "initial": true,
            "invariant": null
        }
    ]
}
