Parse error at FILE "test/tsa/35.in" 4:13: Unexpected '!'. Expected '}'
