{
    "actions": [
        "a",
        "b"
    ],
    "clocks": [
        "x",
        "y"
    ],
    "edges": [
        {
            "from": "foo",
            "guard": "x<5",
            "reset": [
                "x",
                "y"
            ],
            "sync": "a",
            "to": "bar"
        },
        {
            "from": "foo",
            "guard": "x>=5",
            "reset": [
                "x",
                "y"
            ],
            "sync": "b",
            "to": "bar"
        }
    ],
    "locations": [
        {
            "id": "bar",
            "initial": false,
            "invariant": null
        },
        {
            "id": "foo",
            "initial": true,
            "invariant": null
        }
    ]
}
