{
    "actions": [],
    "clocks": [
        "x",
        "y"
    ],
    "edges": [
        {
            "from": "a",
            "guard": null,
            "reset": [
                "x"
            ],
            "sync": null,
            "to": "b"
        },
        {
            "from": "b",
            "guard": null,
            "reset": [
                "x"
            ],
            "sync": null,
            "to": "c"
        },
        {
            "from": "d",
            "guard": null,
            "reset": null,
            "sync": null,
            "to": "e"
        },
        {
            "from": "e",
            "guard": null,
            "reset": null,
            "sync": null,
            "to": "f"
        },
        {
            "from": "g",
            "guard": null,
            "reset": [
                "y"
            ],
            "sync": null,
            "to": "i"
        },
        {
            "from": "h",
            "guard": null,
            "reset": [
                "y"
            ],
            "sync": null,
            "to": "i"
        },
        {
            "from": "i",
            "guard": null,
            "reset": [
                "y"
            ],
            "sync": null,
            "to": "j"
        },
        {
            "from": "i",
            "guard": null,
            "reset": [
                "y"
            ],
            "sync": null,
            "to": "k"
        }
    ],
    "locations": [
        {
            "id": "a",
            "initial": true,
            "invariant": null
        },
        {
            "id": "b",
            "initial": false,
            "invariant": null
        },
        {
            "id": "c",
            "initial": false,
            "invariant": null
        },
        {
            "id": "d",
            "initial": false,
            "invariant": null
        },
        {
            "id": "e",
            "initial": false,
            "invariant": null
        },
        {
            "id": "f",
            "initial": false,
            "invariant": null
        },
        {
            "id": "g",
            "initial": false,
            "invariant": null
        },
        {
            "id": "h",
            "initial": false,
            "invariant": null
        },
        {
            "id": "i",
            "initial": false,
            "invariant": null
        },
        {
            "id": "j",
            "initial": false,
            "invariant": null
        },
        {
            "id": "k",
            "initial": false,
            "invariant": null
        }
    ]
}
