Parse error at FILE "tests/sync/01.in" 4:14: Unexpected '}'. Expected '?' or '!'
