Parse error at FILE "tests/ctrl-sync/00.in" 5:16: Unexpected '}'. Expected '?' or '!'
