{
    "actions": [],
    "clocks": [
        "x"
    ],
    "edges": [
        {
            "action": null,
            "from": "bar",
            "guard": null,
            "reset": null,
            "to": "baz"
        },
        {
            "action": null,
            "from": "foo",
            "guard": [
                {
                    "clock": "x",
                    "clocks_n": 1,
                    "cmp": "ge",
                    "n": 5
                }
            ],
            "reset": null,
            "to": "bar"
        }
    ],
    "locations": [
        {
            "id": "bar",
            "initial": false,
            "invariant": [
                {
                    "clock": "x",
                    "cmp": "lt",
                    "n": 10
                }
            ]
        },
        {
            "id": "baz",
            "initial": false,
            "invariant": null
        },
        {
            "id": "foo",
            "initial": true,
            "invariant": null
        }
    ]
}
