{
    "actions": [
        "press"
    ],
    "clocks": [
        "four",
        "one",
        "three",
        "two",
        "x",
        "y"
    ],
    "edges": [
        {
            "action": "press",
            "from": "bar",
            "guard": null,
            "reset": [
                "four"
            ],
            "to": "baz"
        },
        {
            "action": null,
            "from": "baz",
            "guard": null,
            "reset": null,
            "to": "baz"
        },
        {
            "action": "press",
            "from": "foo",
            "guard": [
                {
                    "clock_1": "x",
                    "clock_2": "y",
                    "clocks_n": 2,
                    "cmp": "eq",
                    "n": 5
                }
            ],
            "reset": [
                "one",
                "two",
                "three"
            ],
            "to": "bar"
        }
    ],
    "locations": [
        {
            "id": "bar",
            "initial": true,
            "invariant": [
                {
                    "clock": "x",
                    "cmp": "le",
                    "n": 10
                }
            ]
        },
        {
            "id": "baz",
            "initial": false,
            "invariant": null
        },
        {
            "id": "foo",
            "initial": false,
            "invariant": null
        }
    ]
}
