Parse error at FILE "tests/tsa/07.in" 4:13: Unexpected '}'. Expected valid identifier or valid identifier
