{
    "actions": [],
    "clocks": [
        "x",
        "y"
    ],
    "edges": [],
    "locations": [
        {
            "id": "bar",
            "initial": false,
            "invariant": [
                {
                    "clock": "x",
                    "cmp": "lt",
                    "n": 10
                },
                {
                    "clock": "y",
                    "cmp": "le",
                    "n": 25
                }
            ]
        },
        {
            "id": "foo",
            "initial": true,
            "invariant": null
        }
    ]
}
