{
    "actions": [
        "a"
    ],
    "clocks": [
        "x"
    ],
    "edges": [
        {
            "action": "a",
            "from": "foo",
            "guard": [
                {
                    "clock": "x",
                    "clocks_n": 1,
                    "cmp": "lt",
                    "n": 5
                }
            ],
            "reset": [
                "x"
            ],
            "to": "bar"
        }
    ],
    "locations": [
        {
            "id": "bar",
            "initial": false,
            "invariant": null
        },
        {
            "id": "foo",
            "initial": true,
            "invariant": null
        }
    ]
}
