Parse error at FILE "tests/tsa/18.in" 3:5: Unexpected '!'. Expected '
' or end of input
