{
    "actions": [
        "b"
    ],
    "clocks": [
        "x",
        "y",
        "z"
    ],
    "edges": [
        {
            "action": "b",
            "from": "foo",
            "guard": [
                {
                    "clock": "x",
                    "clocks_n": 1,
                    "cmp": "eq",
                    "n": 10
                }
            ],
            "reset": [
                "z",
                "y"
            ],
            "to": "bar"
        }
    ],
    "locations": [
        {
            "id": "bar",
            "initial": false,
            "invariant": [
                {
                    "clock": "x",
                    "cmp": "lt",
                    "n": 5
                }
            ]
        },
        {
            "id": "foo",
            "initial": true,
            "invariant": [
                {
                    "clock": "y",
                    "cmp": "le",
                    "n": 10
                }
            ]
        }
    ]
}
