{
    "actions": [],
    "clocks": [
        "x",
        "y"
    ],
    "edges": [
        {
            "action": null,
            "from": "bar",
            "guard": null,
            "reset": [
                "y"
            ],
            "to": "baz"
        },
        {
            "action": null,
            "from": "foo",
            "guard": null,
            "reset": [
                "x"
            ],
            "to": "bar"
        }
    ],
    "locations": [
        {
            "id": "bar",
            "initial": false,
            "invariant": [
                {
                    "clock": "x",
                    "cmp": "lt",
                    "n": 5
                }
            ]
        },
        {
            "id": "baz",
            "initial": false,
            "invariant": [
                {
                    "clock": "y",
                    "cmp": "lt",
                    "n": 10
                }
            ]
        },
        {
            "id": "foo",
            "initial": true,
            "invariant": [
                {
                    "clock": "x",
                    "cmp": "lt",
                    "n": 5
                }
            ]
        }
    ]
}
