{
    "actions": [],
    "clocks": [
        "x"
    ],
    "edges": [
        {
            "action": null,
            "from": "foo",
            "guard": null,
            "reset": null,
            "to": "bar"
        }
    ],
    "locations": [
        {
            "id": "bar",
            "initial": false,
            "invariant": "x<5"
        },
        {
            "id": "foo",
            "initial": true,
            "invariant": null
        }
    ]
}
