{
    "actions": [],
    "clocks": [
        "x"
    ],
    "edges": [],
    "locations": [
        {
            "id": "bar",
            "initial": false,
            "invariant": [
                {
                    "clock": "x",
                    "cmp": "lt",
                    "n": 5
                }
            ]
        },
        {
            "id": "baz",
            "initial": false,
            "invariant": [
                {
                    "clock": "x",
                    "cmp": "lt",
                    "n": 5
                }
            ]
        },
        {
            "id": "foo",
            "initial": true,
            "invariant": null
        }
    ]
}
