{
    "actions": [],
    "clocks": [
        "x",
        "y"
    ],
    "edges": [],
    "locations": [
        {
            "id": "a",
            "initial": true,
            "invariant": null
        },
        {
            "id": "b",
            "initial": false,
            "invariant": [
                {
                    "clock": "y",
                    "cmp": "lt",
                    "n": 10
                }
            ]
        },
        {
            "id": "c",
            "initial": false,
            "invariant": [
                {
                    "clock": "y",
                    "cmp": "lt",
                    "n": 10
                }
            ]
        },
        {
            "id": "d",
            "initial": false,
            "invariant": null
        },
        {
            "id": "e",
            "initial": false,
            "invariant": null
        },
        {
            "id": "f",
            "initial": false,
            "invariant": [
                {
                    "clock": "x",
                    "cmp": "lt",
                    "n": 5
                }
            ]
        },
        {
            "id": "g",
            "initial": false,
            "invariant": [
                {
                    "clock": "x",
                    "cmp": "lt",
                    "n": 5
                }
            ]
        }
    ]
}
