{
    "actions": [
        "foo"
    ],
    "clocks": [
        "x",
        "y"
    ],
    "edges": [
        {
            "action": "foo",
            "from": "b",
            "guard": [
                {
                    "clock": "x",
                    "clocks_n": 1,
                    "cmp": "lt",
                    "n": 5
                }
            ],
            "reset": null,
            "to": "d"
        },
        {
            "action": "foo",
            "from": "b",
            "guard": [
                {
                    "clock": "x",
                    "clocks_n": 1,
                    "cmp": "lt",
                    "n": 5
                }
            ],
            "reset": null,
            "to": "e"
        },
        {
            "action": "foo",
            "from": "c",
            "guard": [
                {
                    "clock": "x",
                    "clocks_n": 1,
                    "cmp": "lt",
                    "n": 5
                }
            ],
            "reset": null,
            "to": "d"
        },
        {
            "action": "foo",
            "from": "c",
            "guard": [
                {
                    "clock": "x",
                    "clocks_n": 1,
                    "cmp": "lt",
                    "n": 5
                }
            ],
            "reset": null,
            "to": "e"
        },
        {
            "action": "foo",
            "from": "f",
            "guard": null,
            "reset": null,
            "to": "g"
        },
        {
            "action": "foo",
            "from": "h",
            "guard": null,
            "reset": null,
            "to": "i"
        },
        {
            "action": "foo",
            "from": "h",
            "guard": null,
            "reset": null,
            "to": "j"
        }
    ],
    "locations": [
        {
            "id": "a",
            "initial": true,
            "invariant": null
        },
        {
            "id": "b",
            "initial": false,
            "invariant": [
                {
                    "clock": "y",
                    "cmp": "lt",
                    "n": 10
                }
            ]
        },
        {
            "id": "c",
            "initial": false,
            "invariant": [
                {
                    "clock": "y",
                    "cmp": "lt",
                    "n": 10
                }
            ]
        },
        {
            "id": "d",
            "initial": false,
            "invariant": [
                {
                    "clock": "y",
                    "cmp": "lt",
                    "n": 10
                }
            ]
        },
        {
            "id": "e",
            "initial": false,
            "invariant": [
                {
                    "clock": "y",
                    "cmp": "lt",
                    "n": 10
                }
            ]
        },
        {
            "id": "f",
            "initial": false,
            "invariant": [
                {
                    "clock": "y",
                    "cmp": "lt",
                    "n": 10
                }
            ]
        },
        {
            "id": "g",
            "initial": false,
            "invariant": [
                {
                    "clock": "y",
                    "cmp": "lt",
                    "n": 10
                }
            ]
        },
        {
            "id": "h",
            "initial": false,
            "invariant": [
                {
                    "clock": "y",
                    "cmp": "lt",
                    "n": 10
                }
            ]
        },
        {
            "id": "i",
            "initial": false,
            "invariant": [
                {
                    "clock": "y",
                    "cmp": "lt",
                    "n": 10
                }
            ]
        },
        {
            "id": "j",
            "initial": false,
            "invariant": [
                {
                    "clock": "y",
                    "cmp": "lt",
                    "n": 10
                }
            ]
        }
    ]
}
