Semantic error: Location property on edge [b, c] -> [d, e]
