Parse error at FILE "tests/tsa/49.in" 3:3: Unexpected '>'. Expected '->'
