Parse error at FILE "test/tsa-sync/01.in" 4:14: Unexpected '}'. Expected '?' or '!'
